[www.tribalwars.com.br/index.html]
[backblue.gif]
[fade.gif]
[index.html]
[dsbr.innogamescdn.com/asset/487b3c71/graphic/start/favicon/apple-touch-icon-57x57.webp]
[dsbr.innogamescdn.com/asset/487b3c71/graphic/start/favicon/apple-touch-icon-114x114.webp]
[dsbr.innogamescdn.com/asset/487b3c71/graphic/start/favicon/apple-touch-icon-72x72.webp]
[www.tribalwars.com.br/https_/dsbr.innogamescdn.com/asset/487b3c71/graphic/start/favicon/apple-touch-icon-144x144.webp]
[dsbr.innogamescdn.com/asset/487b3c71/graphic/start/favicon/apple-touch-icon-60x60.webp]
[dsbr.innogamescdn.com/asset/487b3c71/graphic/start/favicon/apple-touch-icon-120x120.webp]
[dsbr.innogamescdn.com/asset/487b3c71/graphic/start/favicon/apple-touch-icon-76x76.webp]
[dsbr.innogamescdn.com/asset/487b3c71/graphic/start/favicon/apple-touch-icon-152x152.webp]
[dsbr.innogamescdn.com/asset/487b3c71/graphic/start/favicon/favicon-196x196.webp]
[dsbr.innogamescdn.com/asset/487b3c71/graphic/start/favicon/favicon-160x160.webp]
[dsbr.innogamescdn.com/asset/487b3c71/graphic/start/favicon/favicon-96x96.webp]
[dsbr.innogamescdn.com/asset/487b3c71/graphic/start/favicon/favicon-16x16.webp]
[dsbr.innogamescdn.com/asset/487b3c71/graphic/start/favicon/favicon-32x32.webp]
[dsbr.innogamescdn.com/asset/487b3c71/graphic/start/favicon/mstile-144x144.webp]
[www.tribalwars.net/index.html]
[www.die-staemme.de/index.html]
[www.staemme.ch/index.html]
[www.tribalwars.nl/index.html]
[www.plemiona.pl/index.html]
[dsbr.innogamescdn.com/merged/start.4d64db.css]
[hcaptcha.com/1/apifb8e.js]
[www.tribalwars.com.br/index.html]
[www.tribalwars.com.pt/index.html]
[www.divokekmeny.cz/index.html]
[www.triburile.ro/index.html]
[www.tribalwars.com.br/https_/dsbr.innogamescdn.com/asset/487b3c71/graphic/start/favicon/apple-touch-icon-144x144.html]
[www.voynaplemyon.com/index.html]
[www.fyletikesmaxes.gr/index.html]
[www.divoke-kmene.sk/index.html]
[www.klanhaboru.hu/index.html]
[www.tribalwars.net/index.html]
[www.tribals.it/index.html]
[www.klanlar.org/index.html]
[www.guerrastribales.es/index.html]
[www.guerretribale.fr/index.html]
[www.tribalwars.ae/index.html]
[www.tribalwars.co.uk/index.html]
[www.die-staemme.de/https_/dsde.innogamescdn.com/asset/487b3c71/graphic/start/favicon/apple-touch-icon-144x144.10.delayed]
[www.tribalwars.us/index.html]
[www.die-staemme.de/index.html]
[dsde.innogamescdn.com/merged/start.4c6b40.css]
[www.tribalwars.net/en-dk/index.html]
[www.staemme.ch/https_/dsch.innogamescdn.com/asset/487b3c71/graphic/start/favicon/apple-touch-icon-144x144.webp]
[www.staemme.ch/index.html]
[dsch.innogamescdn.com/merged/start.0b1851.css]
[www.tribalwars.nl/https_/dsnl.innogamescdn.com/asset/487b3c71/graphic/start/favicon/apple-touch-icon-144x144.webp]
[www.tribalwars.nl/index.html]
[dsnl.innogamescdn.com/merged/start.b35d74.css]
[www.plemiona.pl/https_/dspl.innogamescdn.com/asset/487b3c71/graphic/start/favicon/apple-touch-icon-144x144.webp]
[www.plemiona.pl/index.html]
[dspl.innogamescdn.com/merged/start.f18a71.css]
[www.tribalwars.se/index.html]
[www.tribalwars.net/sv-se.html]
[www.tribalwars.com.pt/https_/dspt.innogamescdn.com/asset/487b3c71/graphic/start/favicon/apple-touch-icon-144x144.webp]
[www.tribalwars.com.pt/index.html]
[dspt.innogamescdn.com/merged/start.b4458f.css]
[www.divokekmeny.cz/https_/dscs.innogamescdn.com/asset/487b3c71/graphic/start/favicon/apple-touch-icon-144x144.webp]
[www.divokekmeny.cz/index.html]
[dscs.innogamescdn.com/merged/start.439fc9.css]
[www.triburile.ro/https_/dsro.innogamescdn.com/asset/487b3c71/graphic/start/favicon/apple-touch-icon-144x144.webp]
[www.triburile.ro/index.html]
[dsro.innogamescdn.com/merged/start.b73ac6.css]
[www.voynaplemyon.com/index.html]
[www.voynaplemyon.com/ru-ru/index.html]
[www.fyletikesmaxes.gr/https_/dsgr.innogamescdn.com/asset/487b3c71/graphic/start/favicon/apple-touch-icon-144x144.webp]
[www.fyletikesmaxes.gr/index.html]
[dsgr.innogamescdn.com/merged/start.f879f2.css]
[no.tribalwars.com/index.html]
[www.tribalwars.net/nb-no/index.html]
[www.divoke-kmene.sk/https_/dssk.innogamescdn.com/asset/487b3c71/graphic/start/favicon/apple-touch-icon-144x144.webp]
[www.divoke-kmene.sk/index.html]
[dssk.innogamescdn.com/merged/start.b62674.css]
[www.klanhaboru.hu/https_/dshu.innogamescdn.com/asset/487b3c71/graphic/start/favicon/apple-touch-icon-144x144.webp]
[www.klanhaboru.hu/index.html]
[dshu.innogamescdn.com/merged/start.44e053.css]
[www.tribalwars.dk/index.html]
[www.tribalwars.net/da-dk/index.html]
[www.tribals.it/https_/dsit.innogamescdn.com/asset/487b3c71/graphic/start/favicon/apple-touch-icon-144x144.webp]
[www.tribals.it/index.html]
[dsit.innogamescdn.com/merged/start.f50878.css]
[www.klanlar.org/https_/dstr.innogamescdn.com/asset/487b3c71/graphic/start/favicon/apple-touch-icon-144x144.webp]
[www.klanlar.org/index.html]
[dstr.innogamescdn.com/merged/start.ea4d7f.css]
[www.guerretribale.fr/https_/dsfr.innogamescdn.com/asset/487b3c71/graphic/start/favicon/apple-touch-icon-144x144.webp]
[www.guerretribale.fr/index.html]
[dsfr.innogamescdn.com/merged/start.a711d6.css]
[www.guerrastribales.es/https_/dses.innogamescdn.com/asset/487b3c71/graphic/start/favicon/apple-touch-icon-144x144.webp]
[www.guerrastribales.es/index.html]
[dses.innogamescdn.com/merged/start.38b8e9.css]
[www.tribalwars.ae/https_/dsae.innogamescdn.com/asset/487b3c71/graphic/start/favicon/apple-touch-icon-144x144.webp]
[www.tribalwars.ae/index.html]
[dsae.innogamescdn.com/merged/start.969283.css]
[www.tribalwars.co.uk/https_/dsuk.innogamescdn.com/asset/487b3c71/graphic/start/favicon/apple-touch-icon-144x144.webp]
[www.tribalwars.co.uk/index.html]
[dsuk.innogamescdn.com/merged/start.72af0d.css]
[www.vojnaplemen.si/index.html]
[www.tribalwars.net/sl-si.html]
[www.plemena.com/index.html]
[www.tribalwars.net/hr-hr.html]
[www.tribalwars.asia/index.html]
[www.tribalwars.net/th-th.html]
[www.tribalwars.us/https_/dsus.innogamescdn.com/asset/487b3c71/graphic/start/favicon/apple-touch-icon-144x144.webp]
[www.tribalwars.us/index.html]
[dsus.innogamescdn.com/merged/start.942fe4.css]
[ua.tribalwars.net/index.html]
[dsbr.innogamescdn.com/asset/487b3c71/graphic/start2/screenshots/thumb-bg.gif]
[dsbr.innogamescdn.com/merged/start.4d64db.css]
[www.tribalwars.net/https_/dsen.innogamescdn.com/asset/487b3c71/graphic/start/favicon/apple-touch-icon-144x144.37.delayed]
[dsen.innogamescdn.com/merged/start.add2c4.css]
[www.tribalwars.net/en-dk/index.html]
[www.die-staemme.de/https_/dsde.innogamescdn.com/asset/487b3c71/graphic/start/favicon/apple-touch-icon-144x144.html]
[www.voynaplemyon.com/uk-ua/index.html]
[dsde.innogamescdn.com/asset/487b3c71/graphic/start2/screenshots/thumb-bg.gif]
[dsde.innogamescdn.com/merged/start.4c6b40.css]
[www.staemme.ch/https_/dsch.innogamescdn.com/asset/487b3c71/graphic/start/favicon/apple-touch-icon-144x144.html]
[www.voynaplemyon.com/en-dk/index.html]
[dsch.innogamescdn.com/asset/487b3c71/graphic/start2/screenshots/thumb-bg.gif]
[dsch.innogamescdn.com/merged/start.0b1851.css]
[www.tribalwars.nl/https_/dsnl.innogamescdn.com/asset/487b3c71/graphic/start/favicon/apple-touch-icon-144x144.html]
[dsnl.innogamescdn.com/asset/487b3c71/graphic/start2/screenshots/thumb-bg.3b.delayed]
[dsnl.innogamescdn.com/merged/start.b35d74.css]
[www.plemiona.pl/https_/dspl.innogamescdn.com/asset/487b3c71/graphic/start/favicon/apple-touch-icon-144x144.html]
[dspl.innogamescdn.com/asset/487b3c71/graphic/start2/screenshots/thumb-bg.gif]
[dspl.innogamescdn.com/merged/start.f18a71.css]
[www.voynaplemyon.com/sv-se.html]
[www.tribalwars.net/sv-se.html]
[www.tribalwars.com.pt/https_/dspt.innogamescdn.com/asset/487b3c71/graphic/start/favicon/apple-touch-icon-144x144.html]
[dspt.innogamescdn.com/asset/487b3c71/graphic/start2/screenshots/thumb-bg.gif]
[dspt.innogamescdn.com/merged/start.b4458f.css]
[www.divokekmeny.cz/https_/dscs.innogamescdn.com/asset/487b3c71/graphic/start/favicon/apple-touch-icon-144x144.html]
[dscs.innogamescdn.com/asset/487b3c71/graphic/start2/screenshots/thumb-bg.gif]
[dscs.innogamescdn.com/merged/start.439fc9.css]
[www.triburile.ro/https_/dsro.innogamescdn.com/asset/487b3c71/graphic/start/favicon/apple-touch-icon-144x144.html]
[dsro.innogamescdn.com/asset/487b3c71/graphic/start2/screenshots/thumb-bg.gif]
[dsro.innogamescdn.com/merged/start.b73ac6.css]
[www.voynaplemyon.com/https_/dsru.innogamescdn.com/asset/487b3c71/graphic/start/favicon/apple-touch-icon-144x144.5a.delayed]
[dsru.innogamescdn.com/merged/start.3c48ed.css]
[www.voynaplemyon.com/ru-ru/index.html]
[www.fyletikesmaxes.gr/https_/dsgr.innogamescdn.com/asset/487b3c71/graphic/start/favicon/apple-touch-icon-144x144.html]
[www.tribalwars.net/ru-ru/index.html]
[dsgr.innogamescdn.com/asset/487b3c71/graphic/start2/screenshots/thumb-bg.gif]
[dsgr.innogamescdn.com/merged/start.f879f2.css]
[www.tribalwars.net/nb-no/index.html]
[www.divoke-kmene.sk/https_/dssk.innogamescdn.com/asset/487b3c71/graphic/start/favicon/apple-touch-icon-144x144.html]
[dssk.innogamescdn.com/asset/487b3c71/graphic/start2/screenshots/thumb-bg.5d.delayed]
[dssk.innogamescdn.com/merged/start.b62674.css]
[www.klanhaboru.hu/https_/dshu.innogamescdn.com/asset/487b3c71/graphic/start/favicon/apple-touch-icon-144x144.html]
[dshu.innogamescdn.com/asset/487b3c71/graphic/start2/screenshots/thumb-bg.gif]
[dshu.innogamescdn.com/merged/start.44e053.css]
[www.tribalwars.net/da-dk/index.html]
[www.tribals.it/https_/dsit.innogamescdn.com/asset/487b3c71/graphic/start/favicon/apple-touch-icon-144x144.html]
[dsit.innogamescdn.com/asset/487b3c71/graphic/start2/screenshots/thumb-bg.gif]
[dsit.innogamescdn.com/merged/start.f50878.css]
[www.klanlar.org/https_/dstr.innogamescdn.com/asset/487b3c71/graphic/start/favicon/apple-touch-icon-144x144.html]
[dstr.innogamescdn.com/asset/487b3c71/graphic/start2/screenshots/thumb-bg.gif]
[dstr.innogamescdn.com/merged/start.ea4d7f.css]
[www.guerretribale.fr/https_/dsfr.innogamescdn.com/asset/487b3c71/graphic/start/favicon/apple-touch-icon-144x144.html]
[www.voynaplemyon.com/nb-no/index.html]
[dsfr.innogamescdn.com/asset/487b3c71/graphic/start2/screenshots/thumb-bg.gif]
[dsfr.innogamescdn.com/merged/start.a711d6.css]
[www.guerrastribales.es/https_/dses.innogamescdn.com/asset/487b3c71/graphic/start/favicon/apple-touch-icon-144x144.html]
[dses.innogamescdn.com/asset/487b3c71/graphic/start2/screenshots/thumb-bg.gif]
[dses.innogamescdn.com/merged/start.38b8e9.css]
[www.tribalwars.ae/https_/dsae.innogamescdn.com/asset/487b3c71/graphic/start/favicon/apple-touch-icon-144x144.html]
[dsae.innogamescdn.com/asset/487b3c71/graphic/start2/screenshots/thumb-bg.63.delayed]
[dsae.innogamescdn.com/merged/start.969283.css]
[www.tribalwars.co.uk/https_/dsuk.innogamescdn.com/asset/487b3c71/graphic/start/favicon/apple-touch-icon-144x144.html]
[dsuk.innogamescdn.com/asset/487b3c71/graphic/start2/screenshots/thumb-bg.64.delayed]
[dsuk.innogamescdn.com/merged/start.72af0d.css]
[www.voynaplemyon.com/da-dk/index.html]
[www.voynaplemyon.com/sl-si.html]
[www.tribalwars.net/sl-si.html]
[www.voynaplemyon.com/hr-hr.html]
[www.tribalwars.net/hr-hr.html]
[www.voynaplemyon.com/th-th.html]
[www.tribalwars.net/th-th.html]
[www.tribalwars.us/https_/dsus.innogamescdn.com/asset/487b3c71/graphic/start/favicon/apple-touch-icon-144x144.html]
[dsus.innogamescdn.com/asset/487b3c71/graphic/start2/screenshots/thumb-bg.gif]
[dsus.innogamescdn.com/merged/start.942fe4.css]
[www.voynaplemyon.com/uk-ua/index.html]
[www.tribalwars.net/https_/dsen.innogamescdn.com/asset/487b3c71/graphic/start/favicon/apple-touch-icon-144x144.html]
[www.die-staemme.de/en-dk/index.html]
[www.staemme.ch/en-dk/index.html]
[www.tribalwars.nl/en-dk/index.html]
[www.plemiona.pl/en-dk/index.html]
[www.tribalwars.se/en-dk/index.html]
[www.tribalwars.com.br/en-dk/index.html]
[www.tribalwars.com.pt/en-dk/index.html]
[www.divokekmeny.cz/en-dk/index.html]
[www.tribalwars.net/uk-ua/index.html]
[www.triburile.ro/en-dk/index.html]
[www.voynaplemyon.com/en-dk/index.html]
[www.fyletikesmaxes.gr/en-dk/index.html]
[no.tribalwars.com/en-dk/index.html]
[www.divoke-kmene.sk/en-dk/index.html]
[www.klanhaboru.hu/en-dk/index.html]
[www.tribalwars.dk/en-dk/index.html]
[www.tribals.it/en-dk/index.html]
[www.klanlar.org/en-dk/index.html]
[www.guerretribale.fr/en-dk/index.html]
[www.guerrastribales.es/en-dk/index.html]
[www.tribalwars.ae/en-dk/index.html]
[www.tribalwars.co.uk/en-dk/index.html]
[www.vojnaplemen.si/en-dk/index.html]
[www.plemena.com/en-dk/index.html]
[www.tribalwars.asia/en-dk/index.html]
[www.tribalwars.us/en-dk/index.html]
[ua.tribalwars.net/en-dk/index.html]
[dsen.innogamescdn.com/asset/487b3c71/graphic/start2/screenshots/thumb-bg.gif]
[dsen.innogamescdn.com/merged/start.add2c4.css]
[www.die-staemme.de/sv-se.html]
[www.staemme.ch/sv-se.html]
[www.tribalwars.nl/sv-se.html]
[www.plemiona.pl/sv-se.html]
[www.tribalwars.com.br/sv-se.html]
[www.tribalwars.com.pt/sv-se.html]
[www.divokekmeny.cz/sv-se.html]
[www.triburile.ro/sv-se.html]
[www.voynaplemyon.com/sv-se.html]
[www.fyletikesmaxes.gr/sv-se.html]
[www.divoke-kmene.sk/sv-se.html]
[www.klanhaboru.hu/sv-se.html]
[www.tribals.it/sv-se.html]
[www.klanlar.org/sv-se.html]
[www.guerretribale.fr/sv-se.html]
[www.guerrastribales.es/sv-se.html]
[www.tribalwars.ae/sv-se.html]
[www.tribalwars.co.uk/sv-se.html]
[www.tribalwars.us/sv-se.html]
[www.voynaplemyon.com/https_/dsru.innogamescdn.com/asset/487b3c71/graphic/start/favicon/apple-touch-icon-144x144.html]
[www.tribalwars.net/ru-ru/index.html]
[www.die-staemme.de/ru-ru/index.html]
[www.staemme.ch/ru-ru/index.html]
[www.tribalwars.nl/ru-ru/index.html]
[www.plemiona.pl/ru-ru/index.html]
[www.tribalwars.se/ru-ru/index.html]
[www.tribalwars.com.br/ru-ru/index.html]
[www.tribalwars.com.pt/ru-ru/index.html]
[www.divokekmeny.cz/ru-ru/index.html]
[www.triburile.ro/ru-ru/index.html]
[www.fyletikesmaxes.gr/ru-ru/index.html]
[no.tribalwars.com/ru-ru/index.html]
[www.divoke-kmene.sk/ru-ru/index.html]
[www.klanhaboru.hu/ru-ru/index.html]
[www.tribalwars.dk/ru-ru/index.html]
[www.tribals.it/ru-ru/index.html]
[www.klanlar.org/ru-ru/index.html]
[www.guerretribale.fr/ru-ru/index.html]
[www.guerrastribales.es/ru-ru/index.html]
[www.tribalwars.ae/ru-ru/index.html]
[www.tribalwars.co.uk/ru-ru/index.html]
[www.vojnaplemen.si/ru-ru/index.html]
[www.plemena.com/ru-ru/index.html]
[www.tribalwars.asia/ru-ru/index.html]
[www.tribalwars.us/ru-ru/index.html]
[ua.tribalwars.net/ru-ru/index.html]
[dsru.innogamescdn.com/asset/487b3c71/graphic/start2/screenshots/thumb-bg.gif]
[dsru.innogamescdn.com/merged/start.3c48ed.css]
[www.die-staemme.de/nb-no/index.html]
[www.staemme.ch/nb-no/index.html]
[www.tribalwars.nl/nb-no/index.html]
[www.plemiona.pl/nb-no/index.html]
[www.tribalwars.se/nb-no/index.html]
[www.tribalwars.com.br/nb-no/index.html]
[www.tribalwars.com.pt/nb-no/index.html]
[www.divokekmeny.cz/nb-no/index.html]
[www.triburile.ro/nb-no/index.html]
[www.voynaplemyon.com/nb-no/index.html]
[www.fyletikesmaxes.gr/nb-no/index.html]
[no.tribalwars.com/nb-no/index.html]
[www.divoke-kmene.sk/nb-no/index.html]
[www.klanhaboru.hu/nb-no/index.html]
[www.tribalwars.dk/nb-no/index.html]
[www.tribals.it/nb-no/index.html]
[www.klanlar.org/nb-no/index.html]
[www.guerretribale.fr/nb-no/index.html]
[www.guerrastribales.es/nb-no/index.html]
[www.tribalwars.ae/nb-no/index.html]
[www.tribalwars.co.uk/nb-no/index.html]
[www.vojnaplemen.si/nb-no/index.html]
[www.plemena.com/nb-no/index.html]
[www.tribalwars.asia/nb-no/index.html]
[www.tribalwars.us/nb-no/index.html]
[ua.tribalwars.net/nb-no/index.html]
[www.die-staemme.de/da-dk/index.html]
[www.staemme.ch/da-dk/index.html]
[www.tribalwars.nl/da-dk/index.html]
[www.plemiona.pl/da-dk/index.html]
[www.tribalwars.se/da-dk/index.html]
[www.tribalwars.com.br/da-dk/index.html]
[www.tribalwars.com.pt/da-dk/index.html]
[www.divokekmeny.cz/da-dk/index.html]
[www.triburile.ro/da-dk/index.html]
[www.voynaplemyon.com/da-dk/index.html]
[www.fyletikesmaxes.gr/da-dk/index.html]
[no.tribalwars.com/da-dk/index.html]
[www.divoke-kmene.sk/da-dk/index.html]
[www.klanhaboru.hu/da-dk/index.html]
[www.tribalwars.dk/da-dk/index.html]
[www.tribals.it/da-dk/index.html]
[www.klanlar.org/da-dk/index.html]
[www.guerretribale.fr/da-dk/index.html]
[www.guerrastribales.es/da-dk/index.html]
[www.tribalwars.ae/da-dk/index.html]
[www.tribalwars.co.uk/da-dk/index.html]
[www.vojnaplemen.si/da-dk/index.html]
[www.plemena.com/da-dk/index.html]
[www.tribalwars.asia/da-dk/index.html]
[www.tribalwars.us/da-dk/index.html]
[ua.tribalwars.net/da-dk/index.html]
[www.die-staemme.de/sl-si.html]
[www.staemme.ch/sl-si.html]
[www.tribalwars.nl/sl-si.html]
[www.plemiona.pl/sl-si.html]
[www.tribalwars.com.br/sl-si.html]
[www.tribalwars.com.pt/sl-si.html]
[www.divokekmeny.cz/sl-si.html]
[www.triburile.ro/sl-si.html]
[www.voynaplemyon.com/sl-si.html]
[www.fyletikesmaxes.gr/sl-si.html]
[www.divoke-kmene.sk/sl-si.html]
[www.klanhaboru.hu/sl-si.html]
[www.tribals.it/sl-si.html]
[www.klanlar.org/sl-si.html]
[www.guerretribale.fr/sl-si.html]
[www.guerrastribales.es/sl-si.html]
[www.tribalwars.ae/sl-si.html]
[www.tribalwars.co.uk/sl-si.html]
[www.tribalwars.us/sl-si.html]
[www.die-staemme.de/hr-hr.html]
[www.staemme.ch/hr-hr.html]
[www.tribalwars.nl/hr-hr.html]
[www.plemiona.pl/hr-hr.html]
[www.tribalwars.com.br/hr-hr.html]
[www.tribalwars.com.pt/hr-hr.html]
[www.divokekmeny.cz/hr-hr.html]
[www.triburile.ro/hr-hr.html]
[www.voynaplemyon.com/hr-hr.html]
[www.fyletikesmaxes.gr/hr-hr.html]
[www.divoke-kmene.sk/hr-hr.html]
[www.klanhaboru.hu/hr-hr.html]
[www.tribals.it/hr-hr.html]
[www.klanlar.org/hr-hr.html]
[www.guerretribale.fr/hr-hr.html]
[www.guerrastribales.es/hr-hr.html]
[www.tribalwars.ae/hr-hr.html]
[www.tribalwars.co.uk/hr-hr.html]
[www.tribalwars.us/hr-hr.html]
[www.die-staemme.de/th-th.html]
[www.staemme.ch/th-th.html]
[www.tribalwars.nl/th-th.html]
[www.plemiona.pl/th-th.html]
[www.tribalwars.com.br/th-th.html]
[www.tribalwars.com.pt/th-th.html]
[www.divokekmeny.cz/th-th.html]
[www.triburile.ro/th-th.html]
[www.voynaplemyon.com/th-th.html]
[www.fyletikesmaxes.gr/th-th.html]
[www.divoke-kmene.sk/th-th.html]
[www.klanhaboru.hu/th-th.html]
[www.tribals.it/th-th.html]
[www.klanlar.org/th-th.html]
[www.guerretribale.fr/th-th.html]
[www.guerrastribales.es/th-th.html]
[www.tribalwars.ae/th-th.html]
[www.tribalwars.co.uk/th-th.html]
[www.tribalwars.us/th-th.html]
[www.tribalwars.net/uk-ua/index.html]
[www.die-staemme.de/uk-ua/index.html]
[www.staemme.ch/uk-ua/index.html]
[www.tribalwars.nl/uk-ua/index.html]
[www.plemiona.pl/uk-ua/index.html]
[www.tribalwars.se/uk-ua/index.html]
[www.tribalwars.com.br/uk-ua/index.html]
[www.tribalwars.com.pt/uk-ua/index.html]
[www.divokekmeny.cz/uk-ua/index.html]
[www.triburile.ro/uk-ua/index.html]
[www.fyletikesmaxes.gr/uk-ua/index.html]
[no.tribalwars.com/uk-ua/index.html]
[www.divoke-kmene.sk/uk-ua/index.html]
[www.klanhaboru.hu/uk-ua/index.html]
[www.tribalwars.dk/uk-ua/index.html]
[www.tribals.it/uk-ua/index.html]
[www.klanlar.org/uk-ua/index.html]
[www.guerretribale.fr/uk-ua/index.html]
[www.guerrastribales.es/uk-ua/index.html]
[www.tribalwars.ae/uk-ua/index.html]
[www.tribalwars.co.uk/uk-ua/index.html]
[www.vojnaplemen.si/uk-ua/index.html]
[www.plemena.com/uk-ua/index.html]
[www.tribalwars.asia/uk-ua/index.html]
[www.tribalwars.us/uk-ua/index.html]
[ua.tribalwars.net/uk-ua/index.html]
